["https://app.example.com", "https://admin.example.com"]
["read", "write", "admin"]
{"analytics": true, "chat": false, "notifications": true}
/usr/local/bin/python3
0
1000
104857600
15.5
1800
2.1.3
3
3.14159
30
3600
42
5
50
5000
50000
5432
8
8080
app_user
Bearer eyJhbGciOiJIUzI1NiIsInR5cCI6IkpXVCJ9
complex!@#$%password
CRITICAL: Database connection failed!
db-cluster.internal
Dear {{name}}, welcome to {{app_name}}!
EMPTY_KEY_NOT_VALID
en_US.UTF-8
exported variable value
false
Hello ‰∏ñÁïå! –ó–¥—Ä–∞–≤—Å—Ç–≤—É–π –º–∏—Ä! üåç
https://api.example.com/v2
https://cdn.example.com/assets
https://hooks.example.com/webhooks/abc123
https://search.example.com:9200
info
json
My Production Application
null
oauth_12345
oauth_secret_abcdef
Operation completed successfully ‚úì
postgresql://admin:secret123@db.example.com:5432/myapp_prod
production
production_database
redis://localhost:6379/0
SELECT * FROM users WHERE active = true AND role IN ('admin', 'user')
She said 'Hello \"World\"!' to everyone
Something went "terribly wrong" during processing
Special: !@#$%^&*()_+-=[]{}|;:,.<>?
true
UTC
value with trailing spaces
Welcome to our enterprise platform!
whsec_1234567890abcdef
You have 5 new messages
