1
2
3
Alpha
Beta
count
desc
First item
Gamma
name
Second item
Third item
